../Core/Src/main.c:86:6:SPI_Write	16	static
../Core/Src/main.c:98:6:SPI_Read	16	static
../Core/Src/main.c:110:6:LIS3DSH_Init	16	static
../Core/Src/main.c:116:6:LIS3DSH_WaitForData	16	static
../Core/Src/main.c:124:6:LIS3DSH_ReadData	24	static
../Core/Src/main.c:141:5:main	96	static
../Core/Src/main.c:193:6:SystemClock_Config	88	static
../Core/Src/main.c:240:13:MX_SPI1_Init	8	static
../Core/Src/main.c:278:13:MX_USART2_UART_Init	8	static
../Core/Src/main.c:311:13:MX_GPIO_Init	40	static
../Core/Src/main.c:343:6:Error_Handler	4	static,ignoring_inline_asm
